{
  message: 'Database is connected SuccessFully',
  level: 'info',
  label: 'right meow!',
  timestamp: '2025-09-20T06:24:05.126Z'
}
{
  message: 'Application app listening on port 5000',
  level: 'info',
  label: 'right meow!',
  timestamp: '2025-09-20T06:24:05.283Z'
}
{
  message: 'Database is connected SuccessFully',
  level: 'info',
  label: 'right meow!',
  timestamp: '2025-09-20T06:25:05.453Z'
}
{
  message: 'Application app listening on port 5000',
  level: 'info',
  label: 'right meow!',
  timestamp: '2025-09-20T06:25:05.517Z'
}
Saturday, September, 20, 2025 12:31:20 [right meow!] info: Database is connected SuccessFully
Saturday, September, 20, 2025 12:31:20 [right meow!] info: Application app listening on port 5000
Saturday, September, 20, 2025 12:32:13 [right meow!] info: Database is connected SuccessFully
Saturday, September, 20, 2025 12:32:13 [right meow!] info: Application app listening on port 5000
