{"level":"info","message":"Database is connected SuccessFully"}
{"level":"info","message":"Application app listening on port 5000"}
{"level":"info","message":"Database is connected SuccessFully"}
{"level":"info","message":"Application app listening on port 5000"}
{"level":"info","message":"Database is connected SuccessFully"}
{"level":"info","message":"Application app listening on port 5000"}
2025-09-18 10:56:18 [right meow! ] info: Database is connected SuccessFully
2025-09-18 10:56:18 [right meow! ] info: Application app listening on port 5000
2025-09-18 11:00:42 [right meow! ] info: Database is connected SuccessFully
2025-09-18 11:00:42 [right meow! ] info: Application app listening on port 5000
2025-09-18 11:01:06 [right meow! ] info: Database is connected SuccessFully
2025-09-18 11:01:06 [right meow! ] info: Application app listening on port 5000
2025-09-18 11:01:35 [right meow! ] info: Database is connected SuccessFully
2025-09-18 11:01:35 [right meow! ] info: Application app listening on port 5000
2025-09-18 11:01:48 [right meow! ] info: Database is connected SuccessFully
2025-09-18 11:01:48 [right meow! ] info: Application app listening on port 5000
2025-09-18 11:03:09 [right meow! ] info: Database is connected SuccessFully
2025-09-18 11:03:09 [right meow! ] info: Application app listening on port 5000
11:10:01 [right meow!] info: Database is connected SuccessFully
11:10:01 [right meow!] info: Application app listening on port 5000
2025-09-18 11:12:57 [right meow! ] info: Database is connected SuccessFully
2025-09-18 11:12:57 [right meow! ] info: Application app listening on port 5000
18-09-2025 11:14:32 [right meow! ] info: Database is connected SuccessFully
18-09-2025 11:14:32 [right meow! ] info: Application app listening on port 5000
Thursday, 18-09-2025 11:16:10 [right meow!] info: Database is connected SuccessFully
Thursday, 18-09-2025 11:16:11 [right meow!] info: Application app listening on port 5000
Thursday, 18-09-2025 11:17:49 [right meow!] info: Database is connected SuccessFully
Thursday, 18-09-2025 11:17:49 [right meow!] info: Application app listening on port 5000
Thursday, September, 18, 2025 11:19:30 [right meow!] info: Database is connected SuccessFully
Thursday, September, 18, 2025 11:19:30 [right meow!] info: Application app listening on port 5000
Thursday, September, 18, 2025 11:21:28 [right meow!] info: Database is connected SuccessFully
Thursday, September, 18, 2025 11:21:28 [right meow!] info: Application app listening on port 5000
Thursday, September, 18, 2025 11:22:44 [right meow!] info: Database is connected SuccessFully
Thursday, September, 18, 2025 11:22:44 [right meow!] info: Application app listening on port 5000
{
  message: 'Database is connected SuccessFully',
  level: 'info',
  label: 'right meow!',
  timestamp: '2025-09-18T05:23:10.448Z'
}
{
  message: 'Application app listening on port 5000',
  level: 'info',
  label: 'right meow!',
  timestamp: '2025-09-18T05:23:10.514Z'
}
{
  message: 'Database is connected SuccessFully',
  level: 'info',
  label: 'right meow!',
  timestamp: '2025-09-18T05:23:32.025Z'
}
{
  message: 'Application app listening on port 5000',
  level: 'info',
  label: 'right meow!',
  timestamp: '2025-09-18T05:23:32.149Z'
}
{
  message: 'Database is connected SuccessFully',
  level: 'info',
  label: 'right meow!',
  timestamp: '2025-09-18T05:23:53.457Z'
}
{
  message: 'Application app listening on port 5000',
  level: 'info',
  label: 'right meow!',
  timestamp: '2025-09-18T05:23:53.533Z'
}
